
 Name                                                        Monthly Qty  Unit            Monthly Cost 
                                                                                                       
 aws_dx_gateway_association.my_aws_dx_gateway_association                                              
 ├─ Data processed                                         Monthly cost depends on usage: $0.02 per GB 
 └─ Transit gateway attachment                                       730  hours                 $36.50 
                                                                                                       
 OVERALL TOTAL                                                                                  $36.50 
──────────────────────────────────
1 cloud resource was detected:
∙ 1 was estimated, it includes usage-based costs, see https://infracost.io/usage-file